[{"name":"PT1M/MyMetric/max","timestamp":1457768220000,"value":1.23,"tags":{"host":"myhost.example.com","domain":"example.com","service":"MyService","cluster":"MyCluster"}},{"name":"PT1M/MyMetric/max/critical","timestamp":1457768220000,"value":2.46,"tags":{"host":"myhost.example.com","domain":"example.com","service":"MyService","cluster":"MyCluster"}},{"name":"PT1M/MyMetric/max/critical/status","timestamp":1457768220000,"value":1,"tags":{"host":"myhost.example.com","domain":"example.com","service":"MyService","cluster":"MyCluster"}}]
